  console.log
    [2025-12-18T06:49:52.714Z] [DEBUG] Updating ride: "nonexistent-ride"

      at Logger.log [as debug] (utils/logger.ts:41:21)

  console.log
    [2025-12-18T06:49:52.810Z] [DEBUG] Updating ride: "ride123"

      at Logger.log [as debug] (utils/logger.ts:41:21)

  console.log
    [2025-12-18T06:49:52.814Z] [DEBUG] Updating ride: "ride123"

      at Logger.log [as debug] (utils/logger.ts:41:21)

  console.log
    [2025-12-18T06:49:52.816Z] [DEBUG] Updating ride: "ride123"

      at Logger.log [as debug] (utils/logger.ts:41:21)

  console.log
    [2025-12-18T06:49:52.818Z] [DEBUG] Updating ride: "ride123"

      at Logger.log [as debug] (utils/logger.ts:41:21)

  console.log
    [2025-12-18T06:49:52.820Z] [DEBUG] Updating ride: "ride123"

      at Logger.log [as debug] (utils/logger.ts:41:21)

  console.log
    [2025-12-18T06:49:52.862Z] [DEBUG] Updating ride: "ride123"

      at Logger.log [as debug] (utils/logger.ts:41:21)

  console.log
    [2025-12-18T06:49:52.863Z] [DEBUG] Updating ride: "ride123"

      at Logger.log [as debug] (utils/logger.ts:41:21)

  console.log
    [2025-12-18T06:49:52.865Z] [DEBUG] Updating ride: "ride123"

      at Logger.log [as debug] (utils/logger.ts:41:21)

  console.log
    [2025-12-18T06:49:52.867Z] [DEBUG] Updating ride: "ride123"

      at Logger.log [as debug] (utils/logger.ts:41:21)

  console.log
    [2025-12-18T06:49:52.868Z] [DEBUG] Updating ride: "ride123"

      at Logger.log [as debug] (utils/logger.ts:41:21)

  console.log
    [2025-12-18T06:49:52.870Z] [DEBUG] Updating ride: "ride123"

      at Logger.log [as debug] (utils/logger.ts:41:21)

  console.log
    [2025-12-18T06:49:52.871Z] [DEBUG] Updating ride: "ride123"

      at Logger.log [as debug] (utils/logger.ts:41:21)

  console.log
    [2025-12-18T06:49:52.873Z] [DEBUG] Updating ride: "ride123"

      at Logger.log [as debug] (utils/logger.ts:41:21)

  console.log
    [2025-12-18T06:49:52.875Z] [DEBUG] Updating ride: "ride123"

      at Logger.log [as debug] (utils/logger.ts:41:21)

  console.log
    Ride updated successfully: ride123

      at Function.log (services/rides.ts:1291:15)

  console.log
    [2025-12-18T06:49:52.877Z] [DEBUG] Updating ride: "ride123"

      at Logger.log [as debug] (utils/logger.ts:41:21)

  console.log
    Ride updated successfully: ride123

      at Function.log (services/rides.ts:1291:15)

  console.log
    [2025-12-18T06:49:52.879Z] [DEBUG] Updating ride: "ride123"

      at Logger.log [as debug] (utils/logger.ts:41:21)

  console.log
    Ride updated successfully: ride123

      at Function.log (services/rides.ts:1291:15)

  console.log
    [2025-12-18T06:49:52.881Z] [DEBUG] Updating ride: "ride123"

      at Logger.log [as debug] (utils/logger.ts:41:21)

  console.log
    Ride updated successfully: ride123

      at Function.log (services/rides.ts:1291:15)

  console.log
    [2025-12-18T06:49:52.883Z] [DEBUG] Updating ride: "ride123"

      at Logger.log [as debug] (utils/logger.ts:41:21)

  console.log
    Ride updated successfully: ride123

      at Function.log (services/rides.ts:1291:15)

  console.log
    [2025-12-18T06:49:52.885Z] [DEBUG] Updating ride: "ride123"

      at Logger.log [as debug] (utils/logger.ts:41:21)

  console.log
    Ride updated successfully: ride123

      at Function.log (services/rides.ts:1291:15)

  console.log
    [2025-12-18T06:49:52.887Z] [DEBUG] Updating ride: "ride123"

      at Logger.log [as debug] (utils/logger.ts:41:21)

  console.log
    Ride updated successfully: ride123

      at Function.log (services/rides.ts:1291:15)

  console.log
    [2025-12-18T06:49:52.889Z] [DEBUG] Updating ride: "ride123"

      at Logger.log [as debug] (utils/logger.ts:41:21)

  console.log
    Ride updated successfully: ride123

      at Function.log (services/rides.ts:1291:15)

npx : FAIL __tests__/services/rides-update.test.ts
At line:1 char:1
+ npx jest rides-update.test 2>&1 | Out-File 
test-result.txt; Get-Conte ...
+ ~~~~~~~~~~~~~~~~~~~~~~~~~~~~~~~
    + CategoryInfo          : NotSpecified: (FAIL _ 
   _tests__/...-update.test.ts:String) [], RemoteE  
  xception
    + FullyQualifiedErrorId : NativeCommandError
 
  RidesService.updateRide
    Authorization
      ΓêÜ should reject update for non-existent 
ride (97 ms)
      ΓêÜ should reject update when user is not the 
driver (3 ms)
    Status validation
      ΓêÜ should reject update for active rides (3 
ms)
      ΓêÜ should reject update for completed rides 
(2 ms)
      ΓêÜ should reject update for cancelled rides 
(2 ms)
    Booking validation
      ├ù should reject update when confirmed 
bookings exist (34 ms)
    Field validation
      ΓêÜ should reject price less than or equal to 
zero (3 ms)
      ΓêÜ should reject price exceeding maximum 
($1000) (1 ms)
      ΓêÜ should reject seats outside valid range 
(1-8) (2 ms)
      ΓêÜ should reject departure time in the past 
(2 ms)
      ΓêÜ should reject invalid origin location 
data (1 ms)
      ΓêÜ should reject invalid destination 
location data (1 ms)
    Successful updates
      ΓêÜ should update price successfully (3 ms)
      ΓêÜ should round price to cents (2 ms)
      ΓêÜ should update seats successfully (2 ms)
      ΓêÜ should update notes with trimming and max 
length (1 ms)
      ΓêÜ should include updatedAt timestamp (1 ms)
      ΓêÜ should update origin location (3 ms)
      ΓêÜ should update destination location (2 ms)
      ΓêÜ should update departure time (1 ms)

  ΓùÅ RidesService.updateRide ΓÇ║ Booking 
validation ΓÇ║ should reject update when confirmed 
bookings exist

    expect(received).rejects.toThrow(expected)

    Expected substring: "Cannot edit ride with 
confirmed bookings"
    Received message:   "Failed to get ride 
bookings"

        [0m [90m 1292 |[39m     } 
[36mcatch[39m (error[33m:[39m any) {
         [90m 1293 |[39m       
console[33m.[39merror([32m'Update ride 
error:'[39m[33m,[39m error)[33m;[39m
        [31m[1m>[22m[39m[90m 1294 |[39m       
[36mthrow[39m [36mnew[39m 
[33mError[39m(error[33m.[39mmessage 
[33m||[39m [32m'Failed to update 
ride'[39m)[33m;[39m
         [90m      |[39m             
[31m[1m^[22m[39m
         [90m 1295 |[39m     }
         [90m 1296 |[39m   }
         [90m 1297 |[39m[0m

      at Function.<anonymous> 
(services/rides.ts:1294:13)
                at Generator.throw (<anonymous>)
      at asyncGeneratorStep (node_modules/@babel/run
time/helpers/asyncToGenerator.js:3:17)
      at _throw (node_modules/@babel/runtime/helpers
/asyncToGenerator.js:20:9)
      at Object.toThrow 
(node_modules/expect/build/index.js:218:22)
      at Object.toThrow 
(__tests__/services/rides-update.test.ts:122:23)
      at asyncGeneratorStep (node_modules/@babel/run
time/helpers/asyncToGenerator.js:3:17)
      at _next (node_modules/@babel/runtime/helpers/
asyncToGenerator.js:17:9)
      at node_modules/@babel/runtime/helpers/asyncTo
Generator.js:22:7
      at Object.<anonymous> (node_modules/@babel/run
time/helpers/asyncToGenerator.js:14:12)

Test Suites: 1 failed, 1 total
Tests:       1 failed, 19 passed, 20 total
Snapshots:   0 total
Time:        0.844 s, estimated 2 s
Ran all test suites matching /rides-update.test/i.
